ok: workload=tc workers=1 reason=-
ok: workload=tc workers=8 reason=-
ok: workload=tc workers=16 reason=-
ok: workload=reach workers=1 reason=-
ok: workload=reach workers=8 reason=-
ok: workload=reach workers=16 reason=-
ok: workload=cc workers=1 reason=-
ok: workload=cc workers=8 reason=-
ok: workload=cc workers=16 reason=-
ok: workload=sssp workers=1 reason=-
ok: workload=sssp workers=8 reason=-
ok: workload=sssp workers=16 reason=-
ok: workload=sg workers=1 reason=-
ok: workload=sg workers=8 reason=-
ok: workload=sg workers=16 reason=-
ok: workload=bipartite workers=1 reason=-
ok: workload=bipartite workers=8 reason=-
ok: workload=bipartite workers=16 reason=-
ok: workload=andersen workers=1 reason=-
ok: workload=andersen workers=8 reason=-
ok: workload=andersen workers=16 reason=-
ok: workload=dyck workers=1 reason=-
ok: workload=dyck workers=8 reason=-
ok: workload=dyck workers=16 reason=-
ok: workload=cspa-fast workers=1 reason=-
ok: workload=cspa-fast workers=8 reason=-
ok: workload=cspa-fast workers=16 reason=-
ok: workload=cspa workers=1 reason=-
ok: workload=cspa workers=8 reason=-
ok: workload=cspa workers=16 reason=-
ok: workload=csda workers=1 reason=-
ok: workload=csda workers=8 reason=-
ok: workload=csda workers=16 reason=-
ok: workload=galen workers=1 reason=-
ok: workload=galen workers=8 reason=-
ok: workload=galen workers=16 reason=-
ok: workload=polonius workers=1 reason=-
ok: workload=polonius workers=8 reason=-
ok: workload=polonius workers=16 reason=-
ok: workload=ddisasm workers=1 reason=-
ok: workload=ddisasm workers=8 reason=-
ok: workload=ddisasm workers=16 reason=-
ok: workload=crdt workers=1 reason=-
ok: workload=crdt workers=8 reason=-
ok: workload=crdt workers=16 reason=-
